[2026-05-10 16:59:56 INF] SignatureAnalyzer starting — READ-ONLY mode, no email sending capability
[2026-05-10 16:59:56 INF] Target: lubos.batho@invia.com, Folders: SentItems,Inbox, Max: 1000
[2026-05-10 16:59:56 INF] Rule evaluator loaded 0 active rules
[2026-05-10 16:59:56 INF] Loaded file template: default from /app/templates/default.html
[2026-05-10 16:59:56 INF] Total templates loaded: 1
[2026-05-10 16:59:56 INF] Scanning folder: SentItems
[2026-05-10 16:59:57 INF] Scanning folder SentItems (id=AAMkAGZlYTJkNjQ4LWE4MmYtNGQyYy05YzVlLWJiMWE0NjYxMjFiOAAuAAAAAABfEnL7k1vVSIBIc69pppVJAQD3bFa6CQl4R6NP9MvVdXl-AAAAAAEJAAA=) for lubos.batho@invia.com
[2026-05-10 17:00:16 INF] Progress: 100 scanned, 40 unique patterns, 60 duplicates
[2026-05-10 17:00:37 INF] Progress: 200 scanned, 60 unique patterns, 140 duplicates
[2026-05-10 17:00:54 INF] Progress: 300 scanned, 79 unique patterns, 221 duplicates
[2026-05-10 17:01:09 INF] Progress: 400 scanned, 95 unique patterns, 305 duplicates
[2026-05-10 17:01:19 INF] Progress: 500 scanned, 109 unique patterns, 391 duplicates
[2026-05-10 17:01:31 INF] Progress: 600 scanned, 120 unique patterns, 480 duplicates
[2026-05-10 17:01:46 INF] Progress: 700 scanned, 131 unique patterns, 569 duplicates
[2026-05-10 17:01:57 INF] Progress: 800 scanned, 143 unique patterns, 657 duplicates
[2026-05-10 17:02:09 INF] Progress: 900 scanned, 159 unique patterns, 741 duplicates
[2026-05-10 17:02:20 INF] Progress: 1000 scanned, 172 unique patterns, 828 duplicates
[2026-05-10 17:02:20 INF] Scan complete: 1000 messages, 172 unique patterns, 828 duplicates, 0 encrypted
[2026-05-10 17:02:20 INF] Scanning folder: Inbox
[2026-05-10 17:02:20 INF] Scanning folder Inbox (id=AAMkAGZlYTJkNjQ4LWE4MmYtNGQyYy05YzVlLWJiMWE0NjYxMjFiOAAuAAAAAABfEnL7k1vVSIBIc69pppVJAQD3bFa6CQl4R6NP9MvVdXl-AAAAAAEMAAA=) for lubos.batho@invia.com
[2026-05-10 17:02:25 INF] Generating analysis report...
[2026-05-10 17:02:36 INF] Analysis complete:
[2026-05-10 17:02:36 INF]   Scanned: 1000 messages
[2026-05-10 17:02:36 INF]   Unique patterns: 172
[2026-05-10 17:02:36 INF]   Injection pass rate: 100.0%
[2026-05-10 17:02:36 INF]   Failed patterns: 0
[2026-05-10 17:02:36 INF]   Undetected boundaries: 31
[2026-05-10 17:02:36 INF]   Report: /app/output/lubos-batho/report.md
