[2026-05-10 17:05:38 INF] SignatureAnalyzer starting — READ-ONLY mode, no email sending capability
[2026-05-10 17:05:38 INF] Target: jakub.cuda@invia.com, Folders: SentItems,Inbox, Max: 1000
[2026-05-10 17:05:38 INF] Rule evaluator loaded 0 active rules
[2026-05-10 17:05:38 INF] Loaded file template: default from /app/templates/default.html
[2026-05-10 17:05:38 INF] Total templates loaded: 1
[2026-05-10 17:05:38 INF] Scanning folder: SentItems
[2026-05-10 17:05:39 INF] Scanning folder SentItems (id=AAMkAGEzYjlkNTczLTBhYTQtNGQ4OS05ZWE4LTA1NmQ3MTZjZWQyNwAuAAAAAACGHEL19c_CQI7I053Cl5tSAQD5ysCKKbTxRpfIkg8senP5AAAAAAEJAAA=) for jakub.cuda@invia.com
[2026-05-10 17:05:59 INF] Progress: 100 scanned, 39 unique patterns, 61 duplicates
[2026-05-10 17:06:16 INF] Progress: 200 scanned, 57 unique patterns, 143 duplicates
[2026-05-10 17:06:30 INF] Progress: 300 scanned, 78 unique patterns, 222 duplicates
[2026-05-10 17:06:42 INF] Progress: 400 scanned, 84 unique patterns, 316 duplicates
[2026-05-10 17:06:58 INF] Progress: 500 scanned, 90 unique patterns, 410 duplicates
[2026-05-10 17:07:16 INF] Progress: 600 scanned, 98 unique patterns, 502 duplicates
[2026-05-10 17:07:31 INF] Progress: 700 scanned, 98 unique patterns, 602 duplicates
[2026-05-10 17:07:47 INF] Progress: 800 scanned, 102 unique patterns, 698 duplicates
[2026-05-10 17:08:12 INF] Progress: 900 scanned, 122 unique patterns, 778 duplicates
[2026-05-10 17:08:34 INF] Progress: 1000 scanned, 136 unique patterns, 864 duplicates
[2026-05-10 17:08:34 INF] Scan complete: 1000 messages, 136 unique patterns, 864 duplicates, 0 encrypted
[2026-05-10 17:08:34 INF] Scanning folder: Inbox
[2026-05-10 17:08:34 INF] Scanning folder Inbox (id=AAMkAGEzYjlkNTczLTBhYTQtNGQ4OS05ZWE4LTA1NmQ3MTZjZWQyNwAuAAAAAACGHEL19c_CQI7I053Cl5tSAQD5ysCKKbTxRpfIkg8senP5AAAAAAEMAAA=) for jakub.cuda@invia.com
[2026-05-10 17:08:42 INF] Generating analysis report...
[2026-05-10 17:08:50 INF] Analysis complete:
[2026-05-10 17:08:50 INF]   Scanned: 1000 messages
[2026-05-10 17:08:50 INF]   Unique patterns: 136
[2026-05-10 17:08:50 INF]   Injection pass rate: 100.0%
[2026-05-10 17:08:50 INF]   Failed patterns: 0
[2026-05-10 17:08:50 INF]   Undetected boundaries: 1
[2026-05-10 17:08:50 INF]   Report: /app/output/jakub-cuda/report.md
