[2026-05-10 17:28:52 INF] SignatureAnalyzer starting — READ-ONLY mode, no email sending capability
[2026-05-10 17:28:52 INF] Target: petr.vysokomensky@invia.com, Folders: SentItems,Inbox, Max: 1000
[2026-05-10 17:28:52 INF] Rule evaluator loaded 0 active rules
[2026-05-10 17:28:52 INF] Loaded file template: default from /app/templates/default.html
[2026-05-10 17:28:52 INF] Total templates loaded: 1
[2026-05-10 17:28:52 INF] Scanning folder: SentItems
[2026-05-10 17:28:53 INF] Scanning folder SentItems (id=AQMkADVmNGYwZTVlLTBlMjAtNGJjYS04MTA5LTcyYTVjNTJjZDU1AGQALgAAA9rHCQcuxwVHtLYBU3iJu9MBAJ3BYHWlbPFImIiUI-HIRr4AAAIBCQAAAA==) for petr.vysokomensky@invia.com
[2026-05-10 17:29:11 INF] Progress: 100 scanned, 35 unique patterns, 65 duplicates
[2026-05-10 17:29:29 INF] Progress: 200 scanned, 54 unique patterns, 146 duplicates
[2026-05-10 17:29:37 INF] Scan complete: 257 messages, 63 unique patterns, 194 duplicates, 0 encrypted
[2026-05-10 17:29:37 INF] Scanning folder: Inbox
[2026-05-10 17:29:37 INF] Scanning folder Inbox (id=AQMkADVmNGYwZTVlLTBlMjAtNGJjYS04MTA5LTcyYTVjNTJjZDU1AGQALgAAA9rHCQcuxwVHtLYBU3iJu9MBAJ3BYHWlbPFImIiUI-HIRr4AAAIBDAAAAA==) for petr.vysokomensky@invia.com
[2026-05-10 17:29:41 INF] Progress: 300 scanned, 75 unique patterns, 225 duplicates
[2026-05-10 17:29:52 INF] Progress: 400 scanned, 87 unique patterns, 313 duplicates
[2026-05-10 17:30:01 INF] Progress: 500 scanned, 104 unique patterns, 396 duplicates
[2026-05-10 17:30:10 INF] Progress: 600 scanned, 113 unique patterns, 487 duplicates
[2026-05-10 17:30:23 INF] Progress: 700 scanned, 130 unique patterns, 570 duplicates
[2026-05-10 17:30:36 INF] Progress: 800 scanned, 141 unique patterns, 659 duplicates
[2026-05-10 17:30:46 INF] Progress: 900 scanned, 149 unique patterns, 751 duplicates
[2026-05-10 17:31:04 INF] Progress: 1000 scanned, 164 unique patterns, 836 duplicates
[2026-05-10 17:31:04 INF] Generating analysis report...
[2026-05-10 17:31:13 INF] Analysis complete:
[2026-05-10 17:31:13 INF]   Scanned: 1000 messages
[2026-05-10 17:31:13 INF]   Unique patterns: 164
[2026-05-10 17:31:13 INF]   Injection pass rate: 100.0%
[2026-05-10 17:31:13 INF]   Failed patterns: 0
[2026-05-10 17:31:13 INF]   Undetected boundaries: 30
[2026-05-10 17:31:13 INF]   Report: /app/output/petr-vysokomensky/report.md
