[2026-05-10 16:27:43 INF] SignatureAnalyzer starting — READ-ONLY mode, no email sending capability
[2026-05-10 16:27:43 INF] Target: ondrej.stefka@invia.com, Folders: SentItems,Inbox, Max: 500
[2026-05-10 16:27:44 INF] Rule evaluator loaded 0 active rules
[2026-05-10 16:27:44 INF] Loaded file template: default from /app/templates/default.html
[2026-05-10 16:27:44 INF] Total templates loaded: 1
[2026-05-10 16:27:44 INF] Scanning folder: SentItems
[2026-05-10 16:27:45 INF] Scanning folder SentItems (id=AAMkAGJkY2UxOTg3LWVlNTgtNGI3Yi05NjAwLTJkZmI4MDQ5ODI3MQAuAAAAAAB1-iTHYuKSToA_n1YPdwxxAQBy6HEOSX_uTZxvxQyha7YzAAAAAAEKAAA=) for ondrej.stefka@invia.com
[2026-05-10 16:27:55 INF] Progress: 100 scanned, 5 unique patterns, 95 duplicates
[2026-05-10 16:28:08 INF] Progress: 200 scanned, 8 unique patterns, 192 duplicates
[2026-05-10 16:28:21 INF] Progress: 300 scanned, 26 unique patterns, 274 duplicates
[2026-05-10 16:28:31 INF] Progress: 400 scanned, 34 unique patterns, 366 duplicates
[2026-05-10 16:28:40 INF] Progress: 500 scanned, 41 unique patterns, 459 duplicates
[2026-05-10 16:28:40 INF] Scan complete: 500 messages, 41 unique patterns, 459 duplicates, 0 encrypted
[2026-05-10 16:28:40 INF] Scanning folder: Inbox
[2026-05-10 16:28:40 INF] Scanning folder Inbox (id=AAMkAGJkY2UxOTg3LWVlNTgtNGI3Yi05NjAwLTJkZmI4MDQ5ODI3MQAuAAAAAAB1-iTHYuKSToA_n1YPdwxxAQBy6HEOSX_uTZxvxQyha7YzAAAAAAENAAA=) for ondrej.stefka@invia.com
[2026-05-10 16:28:40 INF] Generating analysis report...
[2026-05-10 16:28:41 INF] Analysis complete:
[2026-05-10 16:28:41 INF]   Scanned: 500 messages
[2026-05-10 16:28:41 INF]   Unique patterns: 41
[2026-05-10 16:28:41 INF]   Injection pass rate: 100.0%
[2026-05-10 16:28:41 INF]   Failed patterns: 0
[2026-05-10 16:28:41 INF]   Undetected boundaries: 1
[2026-05-10 16:28:41 INF]   Report: /app/output/report.md
