[2026-05-10 17:22:25 INF] SignatureAnalyzer starting — READ-ONLY mode, no email sending capability
[2026-05-10 17:22:25 INF] Target: dawid.jerzykowski@invia.com, Folders: SentItems,Inbox, Max: 1000
[2026-05-10 17:22:25 INF] Rule evaluator loaded 0 active rules
[2026-05-10 17:22:25 INF] Loaded file template: default from /app/templates/default.html
[2026-05-10 17:22:25 INF] Total templates loaded: 1
[2026-05-10 17:22:25 INF] Scanning folder: SentItems
[2026-05-10 17:22:26 INF] Scanning folder SentItems (id=AAMkAGM4YmIyZTNiLTQ2NWYtNDNiMy1iNDZjLTI3YTEwMTc3MjFjNwAuAAAAAADFYhcB_GZtSo1hhumu_fraAQD_B2u6H6GsR6f5Dhae3mTJAAAAAAEJAAA=) for dawid.jerzykowski@invia.com
[2026-05-10 17:22:39 INF] Progress: 100 scanned, 21 unique patterns, 79 duplicates
[2026-05-10 17:22:55 INF] Progress: 200 scanned, 36 unique patterns, 164 duplicates
[2026-05-10 17:23:19 INF] Progress: 300 scanned, 38 unique patterns, 262 duplicates
[2026-05-10 17:23:48 INF] Progress: 400 scanned, 39 unique patterns, 361 duplicates
[2026-05-10 17:24:10 INF] Progress: 500 scanned, 46 unique patterns, 454 duplicates
[2026-05-10 17:24:27 INF] Progress: 600 scanned, 75 unique patterns, 525 duplicates
[2026-05-10 17:24:45 INF] Progress: 700 scanned, 107 unique patterns, 593 duplicates
[2026-05-10 17:24:59 INF] Scan complete: 781 messages, 133 unique patterns, 648 duplicates, 0 encrypted
[2026-05-10 17:24:59 INF] Scanning folder: Inbox
[2026-05-10 17:24:59 INF] Scanning folder Inbox (id=AAMkAGM4YmIyZTNiLTQ2NWYtNDNiMy1iNDZjLTI3YTEwMTc3MjFjNwAuAAAAAADFYhcB_GZtSo1hhumu_fraAQD_B2u6H6GsR6f5Dhae3mTJAAAAAAEMAAA=) for dawid.jerzykowski@invia.com
[2026-05-10 17:25:04 INF] Progress: 800 scanned, 145 unique patterns, 655 duplicates
[2026-05-10 17:25:13 INF] Progress: 900 scanned, 166 unique patterns, 734 duplicates
[2026-05-10 17:25:23 INF] Progress: 1000 scanned, 182 unique patterns, 818 duplicates
[2026-05-10 17:25:23 INF] Generating analysis report...
[2026-05-10 17:25:33 INF] Analysis complete:
[2026-05-10 17:25:33 INF]   Scanned: 1000 messages
[2026-05-10 17:25:33 INF]   Unique patterns: 182
[2026-05-10 17:25:33 INF]   Injection pass rate: 100.0%
[2026-05-10 17:25:33 INF]   Failed patterns: 0
[2026-05-10 17:25:33 INF]   Undetected boundaries: 13
[2026-05-10 17:25:33 INF]   Report: /app/output/dawid-jerzykowski/report.md
