[2026-05-10 16:51:19 INF] SignatureAnalyzer starting — READ-ONLY mode, no email sending capability
[2026-05-10 16:51:19 INF] Target: miroslav.adamec@invia.com, Folders: SentItems,Inbox, Max: 1000
[2026-05-10 16:51:20 INF] Rule evaluator loaded 0 active rules
[2026-05-10 16:51:20 INF] Loaded file template: default from /app/templates/default.html
[2026-05-10 16:51:20 INF] Total templates loaded: 1
[2026-05-10 16:51:20 INF] Scanning folder: SentItems
[2026-05-10 16:51:20 INF] Scanning folder SentItems (id=AAMkAGFkZTViYmQ3LTJlMWYtNGQ5NS1iNmFjLTE4YjAyYmE3MzlmOQAuAAAAAAA0gL3NdnghTqtwxDGkpoIeAQC-Qs55OP5WQLUt0OOanWL5ACt6PnupAAA=) for miroslav.adamec@invia.com
[2026-05-10 16:51:30 INF] Progress: 100 scanned, 25 unique patterns, 75 duplicates
[2026-05-10 16:51:39 INF] Progress: 200 scanned, 51 unique patterns, 149 duplicates
[2026-05-10 16:51:47 INF] Progress: 300 scanned, 65 unique patterns, 235 duplicates
[2026-05-10 16:51:53 INF] Progress: 400 scanned, 80 unique patterns, 320 duplicates
[2026-05-10 16:52:00 INF] Progress: 500 scanned, 96 unique patterns, 404 duplicates
[2026-05-10 16:52:13 INF] Progress: 600 scanned, 115 unique patterns, 485 duplicates
[2026-05-10 16:52:20 INF] Progress: 700 scanned, 126 unique patterns, 574 duplicates
[2026-05-10 16:52:27 INF] Progress: 800 scanned, 136 unique patterns, 664 duplicates
[2026-05-10 16:52:37 INF] Progress: 900 scanned, 146 unique patterns, 754 duplicates
[2026-05-10 16:52:44 INF] Progress: 1000 scanned, 160 unique patterns, 840 duplicates
[2026-05-10 16:52:44 INF] Scan complete: 1000 messages, 160 unique patterns, 840 duplicates, 0 encrypted
[2026-05-10 16:52:44 INF] Scanning folder: Inbox
[2026-05-10 16:52:44 INF] Scanning folder Inbox (id=AAMkAGFkZTViYmQ3LTJlMWYtNGQ5NS1iNmFjLTE4YjAyYmE3MzlmOQAuAAAAAAA0gL3NdnghTqtwxDGkpoIeAQC-Qs55OP5WQLUt0OOanWL5ACt6PnunAAA=) for miroslav.adamec@invia.com
[2026-05-10 16:52:47 INF] Generating analysis report...
[2026-05-10 16:52:55 INF] Analysis complete:
[2026-05-10 16:52:55 INF]   Scanned: 1000 messages
[2026-05-10 16:52:55 INF]   Unique patterns: 160
[2026-05-10 16:52:55 INF]   Injection pass rate: 100.0%
[2026-05-10 16:52:55 INF]   Failed patterns: 0
[2026-05-10 16:52:55 INF]   Undetected boundaries: 11
[2026-05-10 16:52:55 INF]   Report: /app/output/miroslav-adamec/report.md
