[2026-05-10 17:25:33 INF] SignatureAnalyzer starting — READ-ONLY mode, no email sending capability
[2026-05-10 17:25:33 INF] Target: jiri.urbanek@invia.com, Folders: SentItems,Inbox, Max: 1000
[2026-05-10 17:25:34 INF] Rule evaluator loaded 0 active rules
[2026-05-10 17:25:34 INF] Loaded file template: default from /app/templates/default.html
[2026-05-10 17:25:34 INF] Total templates loaded: 1
[2026-05-10 17:25:34 INF] Scanning folder: SentItems
[2026-05-10 17:25:35 INF] Scanning folder SentItems (id=AQMkADVkY2JjMTEAMy0yNDNlLTQ4MWEtYTk1Ny0yNzBhNTQ2ZWE2ZDgALgAAA71AAKPX-SxItA_6e-421qIBAOlssVFnH1VGoZbKA-tp4TcAAAIBCQAAAA==) for jiri.urbanek@invia.com
[2026-05-10 17:25:51 INF] Progress: 100 scanned, 25 unique patterns, 75 duplicates
[2026-05-10 17:26:01 INF] Progress: 200 scanned, 40 unique patterns, 160 duplicates
[2026-05-10 17:26:21 INF] Progress: 300 scanned, 69 unique patterns, 231 duplicates
[2026-05-10 17:26:25 INF] Scan complete: 338 messages, 80 unique patterns, 258 duplicates, 0 encrypted
[2026-05-10 17:26:25 INF] Scanning folder: Inbox
[2026-05-10 17:26:25 INF] Scanning folder Inbox (id=AQMkADVkY2JjMTEAMy0yNDNlLTQ4MWEtYTk1Ny0yNzBhNTQ2ZWE2ZDgALgAAA71AAKPX-SxItA_6e-421qIBAOlssVFnH1VGoZbKA-tp4TcAAAIBDAAAAA==) for jiri.urbanek@invia.com
[2026-05-10 17:26:30 INF] Progress: 400 scanned, 100 unique patterns, 300 duplicates
[2026-05-10 17:26:40 INF] Progress: 500 scanned, 129 unique patterns, 371 duplicates
[2026-05-10 17:26:59 INF] Progress: 600 scanned, 163 unique patterns, 437 duplicates
[2026-05-10 17:27:21 INF] Progress: 700 scanned, 184 unique patterns, 516 duplicates
[2026-05-10 17:28:00 INF] Progress: 800 scanned, 202 unique patterns, 598 duplicates
[2026-05-10 17:28:17 INF] Progress: 900 scanned, 215 unique patterns, 685 duplicates
[2026-05-10 17:28:37 INF] Progress: 1000 scanned, 236 unique patterns, 764 duplicates
[2026-05-10 17:28:37 INF] Generating analysis report...
[2026-05-10 17:28:51 INF] Analysis complete:
[2026-05-10 17:28:51 INF]   Scanned: 1000 messages
[2026-05-10 17:28:51 INF]   Unique patterns: 236
[2026-05-10 17:28:51 INF]   Injection pass rate: 100.0%
[2026-05-10 17:28:51 INF]   Failed patterns: 0
[2026-05-10 17:28:51 INF]   Undetected boundaries: 46
[2026-05-10 17:28:51 INF]   Report: /app/output/jiri-urbanek/report.md
